// Jest Snapshot v1, https://goo.gl/fbAQLP

exports[`The ChatGroups component should not regress 1`] = `
ShallowWrapper {
  Symbol(enzyme.__root__): [Circular],
  Symbol(enzyme.__unrendered__): <ChatGroups
    groups={
        Array [
            Object {
              "country": "Nepal",
              "image": "randomstring",
              "name": "Samrat",
            },
          ]
    }
/>,
  Symbol(enzyme.__renderer__): Object {
    "batchedUpdates": [Function],
    "getNode": [Function],
    "render": [Function],
    "simulateError": [Function],
    "simulateEvent": [Function],
    "unmount": [Function],
  },
  Symbol(enzyme.__node__): Object {
    "instance": null,
    "key": undefined,
    "nodeType": "host",
    "props": Object {
      "children": Array [
        <withRouter(ChatGroup)
          country="Nepal"
          image="https://res.cloudinary.com/samrat/image/upload/c_fill,g_face,h_100,w_106/v1540572400/randomstring"
          name="Samrat"
/>,
      ],
      "className": "ChatGroups",
    },
    "ref": null,
    "rendered": Array [
      Object {
        "instance": null,
        "key": "0",
        "nodeType": "function",
        "props": Object {
          "country": "Nepal",
          "image": "https://res.cloudinary.com/samrat/image/upload/c_fill,g_face,h_100,w_106/v1540572400/randomstring",
          "name": "Samrat",
        },
        "ref": null,
        "rendered": null,
        "type": [Function],
      },
    ],
    "type": "div",
  },
  Symbol(enzyme.__nodes__): Array [
    Object {
      "instance": null,
      "key": undefined,
      "nodeType": "host",
      "props": Object {
        "children": Array [
          <withRouter(ChatGroup)
            country="Nepal"
            image="https://res.cloudinary.com/samrat/image/upload/c_fill,g_face,h_100,w_106/v1540572400/randomstring"
            name="Samrat"
/>,
        ],
        "className": "ChatGroups",
      },
      "ref": null,
      "rendered": Array [
        Object {
          "instance": null,
          "key": "0",
          "nodeType": "function",
          "props": Object {
            "country": "Nepal",
            "image": "https://res.cloudinary.com/samrat/image/upload/c_fill,g_face,h_100,w_106/v1540572400/randomstring",
            "name": "Samrat",
          },
          "ref": null,
          "rendered": null,
          "type": [Function],
        },
      ],
      "type": "div",
    },
  ],
  Symbol(enzyme.__options__): Object {
    "adapter": ReactSixteenAdapter {
      "options": Object {
        "enableComponentDidUpdateOnSetState": true,
        "lifecycles": Object {
          "componentDidUpdate": Object {
            "onSetState": true,
          },
          "getDerivedStateFromProps": true,
          "getSnapshotBeforeUpdate": true,
          "setState": Object {
            "skipsComponentDidUpdateOnNullish": true,
          },
        },
      },
    },
  },
}
`;
